src/looplane/agent/completion.py:3:1: I001 [*] Import block is un-sorted or un-formatted
src/looplane/agent/model_calls.py:3:1: I001 [*] Import block is un-sorted or un-formatted
src/looplane/agent/model_calls.py:73:101: E501 Line too long (128 > 100)
src/looplane/agent/model_calls.py:116:101: E501 Line too long (201 > 100)
src/looplane/agent/model_calls.py:149:101: E501 Line too long (166 > 100)
src/looplane/agent/ports.py:3:1: I001 [*] Import block is un-sorted or un-formatted
src/looplane/agent/runner.py:3:1: I001 [*] Import block is un-sorted or un-formatted
src/looplane/agent/runner.py:6:8: F401 [*] `contextlib` imported but unused
src/looplane/agent/runner.py:44:5: F401 [*] `looplane.approvals.effect_for_tool_definition` imported but unused
src/looplane/agent/runner.py:186:101: E501 Line too long (103 > 100)
src/looplane/agent/runner.py:317:101: E501 Line too long (108 > 100)
src/looplane/agent/runner.py:332:101: E501 Line too long (103 > 100)
src/looplane/agent/subagent_dispatch.py:3:1: I001 [*] Import block is un-sorted or un-formatted
src/looplane/agent/subagent_dispatch.py:15:40: F401 [*] `looplane.agent.ports.PreparedToolCall` imported but unused
src/looplane/agent/tool_scheduler.py:3:1: I001 [*] Import block is un-sorted or un-formatted
src/looplane/agent/verification.py:3:1: I001 [*] Import block is un-sorted or un-formatted
src/looplane/agent/verification.py:329:101: E501 Line too long (103 > 100)
src/looplane/loop.py:7:1: I001 [*] Import block is un-sorted or un-formatted
src/looplane/subagents.py:3:1: I001 [*] Import block is un-sorted or un-formatted
src/looplane/tooling/filesystem.py:69:101: E501 Line too long (105 > 100)
src/looplane/tooling/git.py:296:101: E501 Line too long (102 > 100)
src/looplane/tooling/patching.py:9:21: F401 [*] `pathlib.Path` imported but unused
src/looplane/tooling/patching.py:171:101: E501 Line too long (111 > 100)
src/looplane/tooling/patching.py:179:101: E501 Line too long (102 > 100)
src/looplane/tooling/patching.py:193:101: E501 Line too long (103 > 100)
src/looplane/tooling/search.py:99:101: E501 Line too long (106 > 100)
src/looplane/tooling/search.py:152:101: E501 Line too long (110 > 100)
src/looplane/tooling/transactions.py:71:101: E501 Line too long (104 > 100)
src/looplane/tooling/transactions.py:121:101: E501 Line too long (101 > 100)
src/looplane/tooling/transactions.py:146:101: E501 Line too long (107 > 100)
src/looplane/tooling/transactions.py:184:101: E501 Line too long (109 > 100)
src/looplane/tools.py:7:1: I001 [*] Import block is un-sorted or un-formatted
Found 32 errors.
[*] 14 fixable with the `--fix` option.
